// Jest Snapshot v1, https://goo.gl/fbAQLP

exports[`Purchase should match the snapshot 1`] = `
<article
  className="Purchase"
>
  <div
    className="left"
  >
    <img
      alt="iPhone"
      src="www.apple.com/iphone.bmp"
    />
  </div>
  <div
    className="center"
  >
    <h3>
      iPhone
    </h3>
    <p>
      Expensive phone
    </p>
  </div>
  <div
    className="right"
  >
    <h3>
      $
      900
    </h3>
    <button
      onClick={[Function]}
    >
      Remove From History
    </button>
  </div>
</article>
`;
